// Jest Snapshot v1, https://goo.gl/fbAQLP

exports[`Component Avatars Renders component 1`] = `
<DocumentFragment>
  <div
    class="contentImage"
  >
    <img
      alt="Default Image"
      class="img"
      src="user-placeholder.jpeg"
    />
  </div>
</DocumentFragment>
`;
