// Jest Snapshot v1, https://goo.gl/fbAQLP

exports[`Component Welcome renders component welcome 1`] = `
<DocumentFragment>
  <div
    class="contentWelcome"
  >
    <h1
      class="title"
    >
      conduit
    </h1>
    <p
      class="description"
    >
      description
    </p>
  </div>
</DocumentFragment>
`;
